module Transact.SimpleConfusion where

import Control.Concurrent
import Control.Concurrent.STM

main :: IO ()
main = do
    v1 <- newEmptyMVar
    v2 <- newEmptyTMVarIO

    -- ...

    let v3 = id v2

    -- ...

    let v4 = id v1

    -- ...

    takeMVar v1 >>= putStrLn

